phpurs: Scanning output directory...
phpurs: Filtering unreachable code...
phpurs: Building initial global env...
phpurs: Simplifying AST...
phpurs: Computing arities and escapes...
phpurs: Translating to PHP...
TCO FAIL buildTree: not a Variable! It is Constructor
TCO FAIL buildTree: not a Variable! It is Constructor
TCO FAIL buildTree: __global_Test_RBTree_buildTree vs buildTree expected 2 got 2
TCO FAIL buildTree: acc vs buildTree expected 2 got 0
phpurs: Successfully compiled all modules.
phpurs: Generated output/composer.json with merged dependencies.
